 
Chapter 1
{n} a,b,d
{0} 'def',1.1,1
{1} 'def',1.1,4
{2} 'mno',4.4,2
{n} a,b,d
{0} 'def',1.1,1
{1} 'def',1.1,4
{2} 'mno',4.4,2
{n} a,b,d
{0} 'def',1.1,1
{1} 'def',1.1,4
{2} 'mno',4.4,2
{n} a,b,d
{0} 'def',1.1,1
{1} 'def',1.1,4
{2} 'mno',4.4,2
{n} a,b,d
{0} 'def',1.1,1
{1} 'def',1.1,4
{2} 'mno',4.4,2
{n} a,b,d
{0} 'def',1.1,1
{1} 'def',1.1,4
{2} 'mno',4.4,2
{n} a,b,d
{0} 'def',1.1,1
{1} 'def',1.1,4
{2} 'mno',4.4,2
{n} a,b,i,d,j
{0} 'def',1.1,1,1,1
{1} 'def',1.1,1,4,4
{2} 'mno',4.4,4,2,2
{n} a,b,i,d,j
{0} 'def',1.1,1,1,1
{1} 'def',1.1,1,4,4
{2} 'mno',4.4,4,2,2
{n} a,b,i,d,j
{0} 'def',1.1,1,1,1
{1} 'def',1.1,1,4,4
{2} 'mno',4.4,4,2,2
{n} a,b,i,d,j
{0} 'def',1.1,1,1,1
{1} 'def',1.1,1,4,4
{2} 'mno',4.4,4,2,2
{n} a,b,i,d,j
{0} 'def',1.1,1,1,1
{1} 'def',1.1,1,4,4
{2} 'mno',4.4,4,2,2
{n} a,b,i,d,j
{0} 'def',1.1,1,1,1
{1} 'def',1.1,1,4,4
{2} 'mno',4.4,4,2,2
 
Chapter 2
{n} c,d,b
{0} 'def',1,1.1
{1} 'def',4,1.1
{2} 'mno',2,4.4
{n} c,d,b
{0} 'def',1,1.1
{1} 'def',4,1.1
{2} 'mno',2,4.4
{n} c,d,b
{0} 'def',1,1.1
{1} 'def',4,1.1
{2} 'mno',2,4.4
{n} c,d,b
{0} 'def',1,1.1
{1} 'def',4,1.1
{2} 'mno',2,4.4
{n} c,d,b
{0} 'def',1,1.1
{1} 'def',4,1.1
{2} 'mno',2,4.4
{n} c,d,b
{0} 'def',1,1.1
{1} 'def',4,1.1
{2} 'mno',2,4.4
{n} c,d,b
{0} 'def',1,1.1
{1} 'def',4,1.1
{2} 'mno',2,4.4
{n} c,d,j,b,i
{0} 'def',1,1,1.1,1
{1} 'def',4,4,1.1,1
{2} 'mno',2,2,4.4,4
{n} c,d,j,b,i
{0} 'def',1,1,1.1,1
{1} 'def',4,4,1.1,1
{2} 'mno',2,2,4.4,4
{n} c,d,j,b,i
{0} 'def',1,1,1.1,1
{1} 'def',4,4,1.1,1
{2} 'mno',2,2,4.4,4
{n} c,d,j,b,i
{0} 'def',1,1,1.1,1
{1} 'def',4,4,1.1,1
{2} 'mno',2,2,4.4,4
{n} c,d,j,b,i
{0} 'def',1,1,1.1,1
{1} 'def',4,4,1.1,1
{2} 'mno',2,2,4.4,4
{n} c,d,j,b,i
{0} 'def',1,1,1.1,1
{1} 'def',4,4,1.1,1
{2} 'mno',2,2,4.4,4
 
Chapter 3
{instance_id,value_no} a,i,b,d
{0,0} 'def',1,1.1,1
{instance_id,value_no} a,i,b,d
{0,0} 'def',1,1.1,1
{instance_id,value_no} a,i,b,d
{0,0} 'def',1,1.1,1
{instance_id,value_no} a,i,b,d
{0,0} 'def',1,1.1,1
{instance_id,value_no} a,i,b,d
{0,0} 'def',1,1.1,1
{instance_id,value_no} a,i,b,d
{0,0} 'def',1,1.1,1
{instance_id,value_no} a,i,b,d
{0,0} 'def',1,1.1,1
{instance_id,value_no} a,i,b,d
{0,0} 'def',1,1.1,1
{instance_id,value_no} a,i,b,d
{0,0} 'def',1,1.1,1
{instance_id,value_no} a,i,b,d
{0,0} 'def',1,1.1,1
{instance_id,value_no} a,i,b,d
{0,0} 'def',1,1.1,1
{instance_id,value_no} a,i,b,d
{0,0} 'def',1,1.1,1
{instance_id,value_no} a,i,b,d
{0,0} 'def',1,1.1,1
 
Chapter 4
{instance_id,value_no} j,c,d,b
{0,0} 1,'def',1,1.1
{instance_id,value_no} j,c,d,b
{0,0} 1,'def',1,1.1
{instance_id,value_no} j,c,d,b
{0,0} 1,'def',1,1.1
{instance_id,value_no} j,c,d,b
{0,0} 1,'def',1,1.1
{instance_id,value_no} j,c,d,b
{0,0} 1,'def',1,1.1
{instance_id,value_no} j,c,d,b
{0,0} 1,'def',1,1.1
{instance_id,value_no} j,c,d,b
{0,0} 1,'def',1,1.1
{instance_id,value_no} j,c,d,b
{0,0} 1,'def',1,1.1
{instance_id,value_no} j,c,d,b
{0,0} 1,'def',1,1.1
{instance_id,value_no} j,c,d,b
{0,0} 1,'def',1,1.1
{instance_id,value_no} j,c,d,b
{0,0} 1,'def',1,1.1
{instance_id,value_no} j,c,d,b
{0,0} 1,'def',1,1.1
{instance_id,value_no} j,c,d,b
{0,0} 1,'def',1,1.1
 
Chapter 5
{n} i,a,b,c
{0} 1,'def',1.1,'def'
{1} 2,'ghi',2.2,'mno'
{2} 3,'jkl',3.3,'pqr'
{3} 4,'mno',4.4,'def'
{n} i,a,b,c
{0} 1,'def',1.1,'def'
{1} 2,'ghi',2.2,'mno'
{2} 3,'jkl',3.3,'pqr'
{3} 4,'mno',4.4,'def'
{n} i,a,b,c
{0} 1,'def',1.1,'def'
{1} 2,'ghi',2.2,'mno'
{2} 3,'jkl',3.3,'pqr'
{3} 4,'mno',4.4,'def'
{n} i,a,b,c
{0} 1,'def',1.1,'def'
{1} 2,'ghi',2.2,'mno'
{2} 3,'jkl',3.3,'pqr'
{3} 4,'mno',4.4,'def'
{n} i,a,b,c
{0} 1,'def',1.1,'def'
{1} 2,'ghi',2.2,'mno'
{2} 3,'jkl',3.3,'pqr'
{3} 4,'mno',4.4,'def'
{n} i,a,b,c
{0} 1,'def',1.1,'def'
{1} 2,'ghi',2.2,'mno'
{2} 3,'jkl',3.3,'pqr'
{3} 4,'mno',4.4,'def'
{n} i,a,b,c
{0} 1,'def',1.1,'def'
{1} 2,'ghi',2.2,'mno'
{2} 3,'jkl',3.3,'pqr'
{3} 4,'mno',4.4,'def'
{n} i,a,b,c,j
{0} 1,'def',1.1,'def',1
{1} 2,'ghi',2.2,'mno',2
{2} 3,'jkl',3.3,'pqr',3
{3} 4,'mno',4.4,'def',4
{n} i,a,b,c,j
{0} 1,'def',1.1,'def',1
{1} 2,'ghi',2.2,'mno',2
{2} 3,'jkl',3.3,'pqr',3
{3} 4,'mno',4.4,'def',4
{n} i,a,b,c,j
{0} 1,'def',1.1,'def',1
{1} 2,'ghi',2.2,'mno',2
{2} 3,'jkl',3.3,'pqr',3
{3} 4,'mno',4.4,'def',4
{n} i,a,b,c,j
{0} 1,'def',1.1,'def',1
{1} 2,'ghi',2.2,'mno',2
{2} 3,'jkl',3.3,'pqr',3
{3} 4,'mno',4.4,'def',4
 
Chapter 6
{n} d,c,a,b
{0} 1,'def','def',1.1
{1} 2,'mno','ghi',2.2
{2} 3,'pqr','jkl',3.3
{3} 4,'def','mno',4.4
{n} d,c,a,b
{0} 1,'def','def',1.1
{1} 2,'mno','ghi',2.2
{2} 3,'pqr','jkl',3.3
{3} 4,'def','mno',4.4
{n} d,c,a,b
{0} 1,'def','def',1.1
{1} 2,'mno','ghi',2.2
{2} 3,'pqr','jkl',3.3
{3} 4,'def','mno',4.4
{n} d,c,a,b
{0} 1,'def','def',1.1
{1} 2,'mno','ghi',2.2
{2} 3,'pqr','jkl',3.3
{3} 4,'def','mno',4.4
{n} d,c,a,b
{0} 1,'def','def',1.1
{1} 2,'mno','ghi',2.2
{2} 3,'pqr','jkl',3.3
{3} 4,'def','mno',4.4
{n} d,c,a,b
{0} 1,'def','def',1.1
{1} 2,'mno','ghi',2.2
{2} 3,'pqr','jkl',3.3
{3} 4,'def','mno',4.4
{n} d,c,a,b
{0} 1,'def','def',1.1
{1} 2,'mno','ghi',2.2
{2} 3,'pqr','jkl',3.3
{3} 4,'def','mno',4.4
{n} d,c,j,a,b
{0} 1,'def',1,'def',1.1
{1} 2,'mno',2,'ghi',2.2
{2} 3,'pqr',3,'jkl',3.3
{3} 4,'def',4,'mno',4.4
{n} d,c,j,a,b
{0} 1,'def',1,'def',1.1
{1} 2,'mno',2,'ghi',2.2
{2} 3,'pqr',3,'jkl',3.3
{3} 4,'def',4,'mno',4.4
{n} d,c,j,a,b
{0} 1,'def',1,'def',1.1
{1} 2,'mno',2,'ghi',2.2
{2} 3,'pqr',3,'jkl',3.3
{3} 4,'def',4,'mno',4.4
{n} d,c,j,a,b
{0} 1,'def',1,'def',1.1
{1} 2,'mno',2,'ghi',2.2
{2} 3,'pqr',3,'jkl',3.3
{3} 4,'def',4,'mno',4.4
{n} d,c,j,a,b
{0} 1,'def',1,'def',1.1
{1} 2,'mno',2,'ghi',2.2
{2} 3,'pqr',3,'jkl',3.3
{3} 4,'def',4,'mno',4.4
{n} d,c,j,a,b
{0} 1,'def',1,'def',1.1
{1} 2,'mno',2,'ghi',2.2
{2} 3,'pqr',3,'jkl',3.3
{3} 4,'def',4,'mno',4.4
 
Chapter 7
{instance_id,value_no} d,c,a,b
{0,0} 1,'def','def',1.1
{instance_id,value_no} d,c,a,b
{0,0} 1,'def','def',1.1
{instance_id,value_no} d,c,a,b
{0,0} 1,'def','def',1.1
{instance_id,value_no} d,c,a,b
{0,0} 1,'def','def',1.1
{instance_id,value_no} d,c,a,b
{0,0} 1,'def','def',1.1
{instance_id,value_no} d,c,a,b
{0,0} 1,'def','def',1.1
{instance_id,value_no} d,c,a,b
{0,0} 1,'def','def',1.1
{instance_id,value_no} d,c,j,a,b
{0,0} 4,'def',4,'mno',4.4
{instance_id,value_no} d,c,j,a,b
{0,0} 4,'def',4,'mno',4.4
{instance_id,value_no} d,c,j,a,b
{0,0} 4,'def',4,'mno',4.4
{instance_id,value_no} d,c,j,a,b
{0,0} 4,'def',4,'mno',4.4
{instance_id,value_no} d,c,j,a,b
{0,0} 4,'def',4,'mno',4.4
{instance_id,value_no} d,c,j,a,b
{0,0} 4,'def',4,'mno',4.4
 
Chapter 8
{instance_id,value_no} j,c,d,b
{0,0} 1,'def',1,1.1
{instance_id,value_no} j,c,d,b
{0,0} 1,'def',1,1.1
